.                                                                        [100%]
=============================== warnings summary ===============================
../../../../Library/Frameworks/Python.framework/Versions/3.12/lib/python3.12/site-packages/_pytest/config/__init__.py:1397
  /Library/Frameworks/Python.framework/Versions/3.12/lib/python3.12/site-packages/_pytest/config/__init__.py:1397: PytestConfigWarning: Unknown config option: import_mode
  
    self._warn_or_fail_if_strict(f"Unknown config option: {key}\n")

-- Docs: https://docs.pytest.org/en/stable/how-to/capture-warnings.html
1 passed, 1 warning in 0.32s
